// Jest Snapshot v1, https://goo.gl/fbAQLP

exports[`Paging component renders Paging 1`] = `
<DocumentFragment>
  <div
    class="light"
  >
    <button>
      -1
    </button>
    <span>
      ----
    </span>
    <button>
      +1
    </button>
  </div>
</DocumentFragment>
`;
