// Jest Snapshot v1, https://goo.gl/fbAQLP

exports[`DetailsCard component renders DetailsCard 1`] = `
<DocumentFragment>
  <div>
    <p />
    <img />
    <p>
      Species: 
    </p>
    <p>
      Status: 
    </p>
  </div>
</DocumentFragment>
`;
